MAP 
NAME "treemap_trees"
STATUS ON
SIZE 400 400
#SYMBOLSET ./symbols.sym
EXTENT -76 39.5 -74 40.5
UNITS DD
SHAPEPATH "../data"
FONTSET "./fonts.txt"
#IMAGECOLOR 255 255 255
IMAGETYPE agg

    Symbol
        Name "circle"
        Type ELLIPSE
        Filled TRUE
        Points
            1 1
        END
    END 

    SYMBOL
      NAME "green1"
      TYPE PIXMAP
      IMAGE "E:/projects/PhillyTreeMap/static/images/map_icons/v3/UFM_Tree_Icon_zoom1_2.png"
      #TRANSPARENT 8
    END

    SYMBOL
      NAME "green1s"
      TYPE PIXMAP
      IMAGE "E:/projects/PhillyTreeMap/static/images/map_icons/v1s/UFM_Tree_Icon_zoom1_2.png"
      #TRANSPARENT 8
    END
    
    SYMBOL
      NAME "green2"
      TYPE PIXMAP
      IMAGE "E:/projects/PhillyTreeMap/static/images/map_icons/v3/UFM_Tree_Icon_zoom3_4.png"
    END

    SYMBOL
      NAME "green2s"
      TYPE PIXMAP
      IMAGE "E:/projects/PhillyTreeMap/static/images/map_icons/v1s/UFM_Tree_Icon_zoom3_4.png"
    END
    
    SYMBOL
      NAME "green3"
      TYPE PIXMAP
      IMAGE "E:/projects/PhillyTreeMap/static/images/map_icons/v3/UFM_Tree_Icon_zoom5.png"
    END

    SYMBOL
      NAME "green3s"
      TYPE PIXMAP
      IMAGE "E:/projects/PhillyTreeMap/static/images/map_icons/v1s/UFM_Tree_Icon_zoom5.png"
    END
    
    SYMBOL
      NAME "green4"
      TYPE PIXMAP
      IMAGE "E:/projects/PhillyTreeMap/static/images/map_icons/v3/UFM_Tree_Icon_zoom6.png"
    END

    SYMBOL
      NAME "green4s"
      TYPE PIXMAP
      IMAGE "E:/projects/PhillyTreeMap/static/images/map_icons/v1s/UFM_Tree_Icon_zoom6.png"
    END
    
    SYMBOL
      NAME "green5"
      TYPE PIXMAP
      IMAGE "E:/projects/PhillyTreeMap/static/images/map_icons/v3/UFM_Tree_Icon_zoom7b.png"
    END

    SYMBOL
      NAME "green5s"
      TYPE PIXMAP
      IMAGE "E:/projects/PhillyTreeMap/static/images/map_icons/v1s/UFM_Tree_Icon_zoom7_sat.png"
    END
    
    SYMBOL
      NAME "green6"
      TYPE PIXMAP
      IMAGE "E:/projects/PhillyTreeMap/static/images/map_icons/v3/UFM_Tree_Icon_zoom8b.png"
    END

    SYMBOL
      NAME "green6s"
      TYPE PIXMAP
      IMAGE "E:/projects/PhillyTreeMap/static/images/map_icons/v1s/UFM_Tree_Icon_zoom8_sat.png"
    END
                
OUTPUTFORMAT
    NAME agg
    DRIVER AGG/PNG
    IMAGEMODE RGB
    FORMATOPTION "INTERLACE=false"
    MIMETYPE "image/png"
END

OUTPUTFORMAT
  NAME agg-q
  DRIVER AGG/PNG
  IMAGEMODE RGBA
  MIMETYPE "image/png"
  FORMATOPTION "QUANTIZE_FORCE=ON"
  FORMATOPTION "QUANTIZE_COLORS=128"
  #FORMATOPTION "PALETTE_FORCE=TRUE"
  #FORMATOPTION "PALETTE=/home/josh/projects/trees/mapserver/palette.txt" 
END  

WEB
  IMAGEPATH "/tmp/" 
  IMAGEURL "/ms_tmp/"
#  LOG "/tmp/gmap.log"
  METADATA
      "wms_title"                  "Umbrella Consulting and SF Trees"
      "wms_onlineresource"         "http://mapserver.beardedmaps.com"
      "wms_srs"                    "EPSG:26910 EPSG:4326  EPSG:900913"
   END
END

PROJECTION
    "init=epsg:4326"
END


######################
#
LAYER 
    NAME nhbds
    GROUP nhbds

    TYPE POLYGON
    TRANSPARENCY ALPHA
    CONNECTIONTYPE POSTGIS
    CONNECTION " dbname=sftrees password=12345 user=treekeyuser  port=5432"
    DATA 'geometry from (select * from treemap_neighborhood) as foo using unique id using srid=4326'
      CLASS
        #STYLE
          #WIDTH 3
          OUTLINECOLOR 150 50 50
          #SYMBOL "circle"
          #ANTIALIAS true
        #END
    END
END 

# TODO also nee trees_sat and trees_terrain

LAYER 
    # TREES YO
    NAME trees
    GROUP trees_city
    TYPE POINT
    TRANSPARENCY ALPHA
    CONNECTIONTYPE POSTGIS
    CONNECTION "dbname=sftrees password=12345 user=treekeyuser  port=5432"
    DATA "geometry from (select * from treemap_tree where geocoded_accuracy >= 7 or geocoded_accuracy is null) as foo using unique id using srid=4326"
      CLASS
        MINSCALEDENOM 0
        MAXSCALEDENOM 1000
        STYLE
          #COLOR 15 120 20
          #WIDTH 3
          #SIZE 35
          #OUTLINECOLOR 250 200 60
          SYMBOL "green6"
          ANTIALIAS true
        END
      END
      CLASS
        MINSCALEDENOM 1000
        MAXSCALEDENOM 2000
        STYLE
          #COLOR 15 120 20
          #WIDTH 3
          #SIZE 35
          #OUTLINECOLOR 250 200 60
          SYMBOL "green5"
          ANTIALIAS true
        END
      END
      CLASS
        MINSCALEDENOM 2000
        MAXSCALEDENOM 5000
        STYLE
          #COLOR 15 120 20
          #WIDTH 2
          #SIZE 25
          #OUTLINECOLOR 250 200 60
          SYMBOL "green4"
          ANTIALIAS true
        END
      END
      CLASS
        MINSCALEDENOM 5000
        MAXSCALEDENOM 10000
        STYLE
          #COLOR 15 120 20
          #WIDTH 1
          #SIZE 20
          #OUTLINECOLOR 250 200 60
          SYMBOL "green3"
          ANTIALIAS true
        END
      END
      CLASS
        MINSCALEDENOM 10000
        MAXSCALEDENOM 50000
        STYLE
          #COLOR 15 120 20
          #WIDTH 1
          #SIZE 3
          #OUTLINECOLOR 110 175 110
          SYMBOL "green2"
          ANTIALIAS true
        END
      END
      CLASS
        MINSCALEDENOM 50000
        MAXSCALEDENOM 150000
        STYLE
          #COLOR 15 120 20
          #WIDTH 1
          #SIZE 2
          #OUTLINECOLOR 110 175 110
          SYMBOL "green1"
          ANTIALIAS true
        END
      END
END


LAYER 
    # TREES YO
    NAME trees
    GROUP trees_sat
    TYPE POINT
    TRANSPARENCY ALPHA
    CONNECTIONTYPE POSTGIS
    CONNECTION "dbname=sftrees password=12345 user=treekeyuser  port=5432"
    DATA "geometry from (select * from treemap_tree where geocoded_accuracy >= 8 or geocoded_accuracy is null) as foo using unique id using srid=4326"
      CLASS
        MINSCALEDENOM 0
        MAXSCALEDENOM 1000
        STYLE
          #COLOR 15 120 20
          #WIDTH 3
          #SIZE 35
          #OUTLINECOLOR 250 200 60
          SYMBOL "green6s"
          ANTIALIAS true
        END
      END
      CLASS
        MINSCALEDENOM 1000
        MAXSCALEDENOM 2000
        STYLE
          #COLOR 15 120 20
          #WIDTH 3
          #SIZE 35
          #OUTLINECOLOR 250 200 60
          SYMBOL "green5s"
          ANTIALIAS true
        END
      END
      CLASS
        MINSCALEDENOM 2000
        MAXSCALEDENOM 5000
        STYLE
          #COLOR 15 120 20
          #WIDTH 2
          #SIZE 25
          #OUTLINECOLOR 250 200 60
          SYMBOL "green4s"
          ANTIALIAS true
        END
      END
      CLASS
        MINSCALEDENOM 5000
        MAXSCALEDENOM 10000
        STYLE
          #COLOR 15 120 20
          #WIDTH 1
          #SIZE 20
          #OUTLINECOLOR 250 200 60
          SYMBOL "green3s"
          ANTIALIAS true
        END
      END
      CLASS
        MINSCALEDENOM 10000
        MAXSCALEDENOM 50000
        STYLE
          #COLOR 15 120 20
          #WIDTH 1
          #SIZE 3
          #OUTLINECOLOR 110 175 110
          SYMBOL "green2s"
          ANTIALIAS true
        END
      END
      CLASS
        MINSCALEDENOM 50000
        MAXSCALEDENOM 150000
        STYLE
          #COLOR 15 120 20
          #WIDTH 1
          #SIZE 2
          #OUTLINECOLOR 110 175 110
          SYMBOL "green1s"
          ANTIALIAS true
        END
      END
END

LAYER 
    # TREES YO
    NAME trees
    GROUP trees_terrain
    TYPE POINT
    TRANSPARENCY ALPHA
    CONNECTIONTYPE POSTGIS
    CONNECTION "dbname=sftrees password=12345 user=treekeyuser  port=5432"
    DATA "geometry from (select * from treemap_tree where geocoded_accuracy >= 8 or geocoded_accuracy is null) as foo using unique id using srid=4326"
      CLASS
        MINSCALEDENOM 0
        MAXSCALEDENOM 1000
        STYLE
          #COLOR 15 120 20
          #WIDTH 3
          #SIZE 35
          #OUTLINECOLOR 250 200 60
          SYMBOL "green6"
          ANTIALIAS true
        END
      END
      CLASS
        MINSCALEDENOM 1000
        MAXSCALEDENOM 2000
        STYLE
          #COLOR 15 120 20
          #WIDTH 3
          #SIZE 35
          #OUTLINECOLOR 250 200 60
          SYMBOL "green5"
          ANTIALIAS true
        END
      END
      CLASS
        MINSCALEDENOM 2000
        MAXSCALEDENOM 5000
        STYLE
          #COLOR 15 120 20
          #WIDTH 2
          #SIZE 25
          #OUTLINECOLOR 250 200 60
          SYMBOL "green4"
          ANTIALIAS true
        END
      END
      CLASS
        MINSCALEDENOM 5000
        MAXSCALEDENOM 10000
        STYLE
          #COLOR 15 120 20
          #WIDTH 1
          #SIZE 20
          #OUTLINECOLOR 250 200 60
          SYMBOL "green3"
          ANTIALIAS true
        END
      END
      CLASS
        MINSCALEDENOM 10000
        MAXSCALEDENOM 50000
        STYLE
          #COLOR 15 120 20
          #WIDTH 1
          #SIZE 3
          #OUTLINECOLOR 110 175 110
          SYMBOL "green2"
          ANTIALIAS true
        END
      END
      CLASS
        MINSCALEDENOM 50000
        MAXSCALEDENOM 150000
        STYLE
          #COLOR 15 120 20
          #WIDTH 1
          #SIZE 2
          #OUTLINECOLOR 110 175 110
          SYMBOL "green1"
          ANTIALIAS true
        END
      END
END

########################

LAYER 
    # TREES WITH NO SPECIES
    NAME base_trees_no_species
    GROUP trees_old
    TYPE POINT
    TRANSPARENCY ALPHA
    CONNECTIONTYPE POSTGIS
    CONNECTION "dbname=sftrees password=12345 user=treekeyuser  port=5432"
    # dane - not sure why ilike paved is in there, so commenting
    #DATA "geometry from (select * from treemap_tree where (geocoded_accuracy >= 8 or geocoded_accuracy is null) and (species_id is null) and  orig_species not ilike '%paved%' ) as foo using unique id using srid=4326"
    DATA "geometry from (select * from treemap_tree where (geocoded_accuracy >= 8 or geocoded_accuracy is null)and species_id is null ) as foo using unique id using srid=4326"
      CLASS
        MINSCALEDENOM 0
        MAXSCALEDENOM 2000
        STYLE
          COLOR 15 120 20
          WIDTH 3
          SIZE 12
          OUTLINECOLOR 150 150 150
          SYMBOL "circle"
          ANTIALIAS true
        END
      END
      CLASS
        MINSCALEDENOM 2000
        MAXSCALEDENOM 5000
        STYLE
          COLOR 15 120 20
          WIDTH 2
          SIZE 9
          OUTLINECOLOR 150 150 150
          SYMBOL "circle"
          ANTIALIAS true
        END
      END
      CLASS
        MINSCALEDENOM 5000
        MAXSCALEDENOM 10000
        STYLE
          COLOR 15 120 20
          WIDTH 1
          SIZE 6
          OUTLINECOLOR 150 150 150
          SYMBOL "circle"
          ANTIALIAS true
        END
      END
      CLASS
        MINSCALEDENOM 10000
        MAXSCALEDENOM 50000
        STYLE
          COLOR 15 120 20
          WIDTH 1
          SIZE 3
          OUTLINECOLOR 150 150 150
          SYMBOL "circle"
          ANTIALIAS true
        END
      END
      CLASS
        MINSCALEDENOM 50000
        MAXSCALEDENOM 150000
        STYLE
          COLOR 15 120 20
          WIDTH 1
          SIZE 2
          OUTLINECOLOR 150 150 150
          SYMBOL "circle"
          ANTIALIAS true
        END
      END
END 

LAYER 
    # TREES WITH A SPECIES
    NAME base_trees
    GROUP trees_old
    TYPE POINT
    TRANSPARENCY ALPHA
    CONNECTIONTYPE POSTGIS
    CONNECTION "dbname=sftrees password=12345 user=treekeyuser  port=5432"
    DATA "geometry from (select * from treemap_tree where (geocoded_accuracy >= 8 or geocoded_accuracy is null) and species_id is not null) as foo using unique id using srid=4326"
      CLASS
        MINSCALEDENOM 0
        MAXSCALEDENOM 2000
        STYLE
          COLOR 15 120 20
          WIDTH 3
          SIZE 12
          OUTLINECOLOR 250 200 60
          SYMBOL "circle"
          ANTIALIAS true
        END
      END
      CLASS
        MINSCALEDENOM 2000
        MAXSCALEDENOM 5000
        STYLE
          COLOR 15 120 20
          WIDTH 2
          SIZE 9
          OUTLINECOLOR 250 200 60
          SYMBOL "circle"
          ANTIALIAS true
        END
      END
      CLASS
        MINSCALEDENOM 5000
        MAXSCALEDENOM 10000
        STYLE
          COLOR 15 120 20
          WIDTH 1
          SIZE 6
          OUTLINECOLOR 250 200 60
          SYMBOL "circle"
          ANTIALIAS true
        END
      END
      CLASS
        MINSCALEDENOM 10000
        MAXSCALEDENOM 50000
        STYLE
          COLOR 15 120 20
          WIDTH 1
          SIZE 3
          OUTLINECOLOR 110 175 110
          SYMBOL "circle"
          ANTIALIAS true
        END
      END
      CLASS
        MINSCALEDENOM 50000
        MAXSCALEDENOM 150000
        STYLE
          COLOR 15 120 20
          WIDTH 1
          SIZE 2
          OUTLINECOLOR 110 175 110
          SYMBOL "circle"
          ANTIALIAS true
        END
      END
END 
 
LAYER 
    NAME species_trees
    GROUP trees_old
    TYPE POINT
    TRANSPARENCY ALPHA
    CONNECTIONTYPE POSTGIS
    CONNECTION "dbname=sftrees password=12345 user=treekeyuser  port=5432"
    DATA 'geometry from (select * from treemap_tree where species_id = %SPECIES_ID%) as foo using unique id using srid=4326'
    #CLASSITEM 'species_id'
      CLASS 
        STYLE
          COLOR 110 175 110
          WIDTH 4
          SIZE 8
          OUTLINECOLOR 0 80 50
          SYMBOL "circle"
          ANTIALIAS true
        END
    END
END

LAYER
  NAME dem
  group hillshade
  DATA "sf_dem.tif"
  TYPE RASTER
  #TRANSPARENCY 30
  PROJECTION
    "init=epsg:4326"
  END
END
  
LAYER
  NAME shade
  group hillshade
  DATA "hillshade.tif"
  TYPE RASTER
  #TRANSPARENCY 10
  PROJECTION
    "init=epsg:4326"
  END

END
   


END # Map File
END
